| test.cpp:1:6:1:17 | operator ""x | User defined literal operator should start with an underscore followed by one or more letters |
| test.cpp:2:6:2:17 | operator ""X | User defined literal operator should start with an underscore followed by one or more letters |
| test.cpp:3:6:3:17 | operator ""_ | User defined literal operator should start with an underscore followed by one or more letters |
| test.cpp:4:6:4:18 | operator ""_1 | User defined literal operator should start with an underscore followed by one or more letters |
| test.cpp:5:6:5:19 | operator ""_x1 | User defined literal operator should start with an underscore followed by one or more letters |
