| test.cpp:4:13:4:18 | ... + ... | Array pointer p2 points 1 element passed the end of $@. | test.cpp:2:7:2:8 | l1 | l1 |
| test.cpp:5:13:5:18 | ... + ... | Array pointer p3 points 1 element passed the end of $@. | test.cpp:2:7:2:8 | l1 | l1 |
| test.cpp:6:13:6:18 | & ... | Array pointer p4 points 1 element passed the end of $@. | test.cpp:2:7:2:8 | l1 | l1 |
| test.cpp:11:8:11:11 | ... -- | Array pointer p7 points 1 element passed the end of $@. | test.cpp:2:7:2:8 | l1 | l1 |
| test.cpp:12:8:12:9 | p3 | Array pointer p8 points 1 element passed the end of $@. | test.cpp:2:7:2:8 | l1 | l1 |
