| test.cpp:2:14:2:14 | f | Loop iteration variable f has a floating-point type. |
