| test.cpp:57:6:57:14 | operator= | User defined copy or user defined move does not handle self-assignment correctly.  |
| test.cpp:66:6:66:14 | operator= | User defined copy or user defined move does not handle self-assignment correctly.  |
