| file://:0:0:0:0 | __va_list_tag | Type declaration __va_list_tag is not used. |
| test.cpp:4:7:4:7 | A | Type declaration A is not used. |
| test.cpp:6:7:6:7 | B | Type declaration B is not used. |
| test.cpp:13:11:13:11 | D | Type declaration D is not used. |
| test.cpp:77:11:77:11 | R | Type declaration R is not used. |
| test.cpp:90:12:90:12 | struct <unnamed> | Type declaration struct <unnamed> is not used. |
| test.cpp:111:29:111:30 | AA | Type declaration AA is not used. |
