| test.c:5:3:5:5 | 10 | Non zero octal literal 012. |
| test.c:6:3:6:5 | 44 | Non zero octal literal 054. |
