| test.c:7:18:7:39 | ATOMIC_VAR_INIT(value) | Atomic variable possibly referred to twice in an $@. | test.c:33:3:33:10 | ... += ... | expression |
| test.c:7:18:7:39 | ATOMIC_VAR_INIT(value) | Atomic variable possibly referred to twice in an $@. | test.c:34:3:34:13 | ... = ... | expression |
| test.c:11:3:11:23 | atomic_store(a,b) | Atomic variable possibly referred to twice in an $@. | test.c:11:3:11:23 | atomic_store(a,b) | expression |
| test.c:12:3:12:35 | atomic_store_explicit(a,b,c) | Atomic variable possibly referred to twice in an $@. | test.c:12:3:12:35 | atomic_store_explicit(a,b,c) | expression |
| test.c:25:3:25:49 | atomic_compare_exchange_weak(a,b,c) | Atomic variable possibly referred to twice in an $@. | test.c:25:3:25:49 | atomic_compare_exchange_weak(a,b,c) | expression |
| test.c:26:3:27:42 | atomic_compare_exchange_weak_explicit(a,b,c,d,e) | Atomic variable possibly referred to twice in an $@. | test.c:26:3:27:42 | atomic_compare_exchange_weak_explicit(a,b,c,d,e) | expression |
